// Jest Snapshot v1, https://goo.gl/fbAQLP

exports[`FooterComponent should match snapshot 1`] = `
<eworkbench-footer
  __ngContext__={[Function LRootView]}
  authService={[Function Object]}
  cdr={[Function ViewRef]}
  currentUser="undefined"
  translocoService={[Function TranslocoService]}
>
  <footer
    class="navbar navbar-expand-lg py-0"
  >
    <span
      class="navbar-brand"
    >
      Universitätsbibliothek der Technischen Universität München
    </span>
    <ul
      class="navbar-nav ml-auto h-full"
    >
      <li
        class="h-full flex items-center"
      >
        <a
          class="h-full w-full"
        >
          <button
            class="btn ewb-button-regular font-normal h-full w-full text-left"
          >
             FAQ 
          </button>
        </a>
      </li>
      <li
        class="h-full flex items-center"
      >
        <a
          class="h-full w-full"
        >
          <button
            class="btn ewb-button-regular font-normal h-full w-full text-left"
          >
             Privacy Policy 
          </button>
        </a>
      </li>
      <li
        class="h-full flex items-center"
      >
        <a
          class="h-full w-full"
        >
          <button
            class="btn ewb-button-regular font-normal h-full w-full text-left"
          >
             Imprint 
          </button>
        </a>
      </li>
      <li
        class="h-full flex items-center"
      >
        <a
          class="h-full w-full"
        >
          <button
            class="btn ewb-button-regular font-normal h-full w-full text-left"
          >
             OSS Licenses 
          </button>
        </a>
      </li>
      <li
        class="h-full flex items-center"
      >
        <a
          class="h-full w-full"
          href="https://github.com/eworkbench/"
          target="_blank"
        >
          <button
            class="btn ewb-button-regular font-normal h-full w-full text-left"
          >
             GitHub 
          </button>
        </a>
      </li>
    </ul>
  </footer>
</eworkbench-footer>
`;
